[INFO] Чтение PDF: 55 стр.
[WARN] PDF не содержит семантической структуры DOCX: порядок колонок, таблиц и стили могут отличаться.
[WARN] Страница 2: векторные элементы не переносятся в Markdown; отдельная копия страницы не создана во избежание дублирования содержимого.
[WARN] Страница 3: векторные элементы не переносятся в Markdown; отдельная копия страницы не создана во избежание дублирования содержимого.
[WARN] Страница 4: векторные элементы не переносятся в Markdown; отдельная копия страницы не создана во избежание дублирования содержимого.
[WARN] Страница 5: векторные элементы не переносятся в Markdown; отдельная копия страницы не создана во избежание дублирования содержимого.
[WARN] Страница 6: векторные элементы не переносятся в Markdown; отдельная копия страницы не создана во избежание дублирования содержимого.
[WARN] Страница 7: векторные элементы не переносятся в Markdown; отдельная копия страницы не создана во избежание дублирования содержимого.
[WARN] Страница 8: векторные элементы не переносятся в Markdown; отдельная копия страницы не создана во избежание дублирования содержимого.
[INFO] Изображение страницы 9: assets/images/image1.png
[WARN] Страница 9: векторные элементы не переносятся в Markdown; отдельная копия страницы не создана во избежание дублирования содержимого.
[INFO] Изображение страницы 10: assets/images/image2.png
[WARN] Страница 10: векторные элементы не переносятся в Markdown; отдельная копия страницы не создана во избежание дублирования содержимого.
[WARN] Страница 11: векторные элементы не переносятся в Markdown; отдельная копия страницы не создана во избежание дублирования содержимого.
[INFO] Изображение страницы 12: assets/images/image3.png
[WARN] Страница 12: векторные элементы не переносятся в Markdown; отдельная копия страницы не создана во избежание дублирования содержимого.
[WARN] Страница 13: векторные элементы не переносятся в Markdown; отдельная копия страницы не создана во избежание дублирования содержимого.
[WARN] Страница 14: векторные элементы не переносятся в Markdown; отдельная копия страницы не создана во избежание дублирования содержимого.
[WARN] Страница 15: векторные элементы не переносятся в Markdown; отдельная копия страницы не создана во избежание дублирования содержимого.
[WARN] Страница 16: векторные элементы не переносятся в Markdown; отдельная копия страницы не создана во избежание дублирования содержимого.
[WARN] Страница 17: векторные элементы не переносятся в Markdown; отдельная копия страницы не создана во избежание дублирования содержимого.
[WARN] Страница 18: векторные элементы не переносятся в Markdown; отдельная копия страницы не создана во избежание дублирования содержимого.
[WARN] Страница 19: векторные элементы не переносятся в Markdown; отдельная копия страницы не создана во избежание дублирования содержимого.
[WARN] Страница 20: векторные элементы не переносятся в Markdown; отдельная копия страницы не создана во избежание дублирования содержимого.
[WARN] Страница 21: векторные элементы не переносятся в Markdown; отдельная копия страницы не создана во избежание дублирования содержимого.
[WARN] Страница 22: векторные элементы не переносятся в Markdown; отдельная копия страницы не создана во избежание дублирования содержимого.
[WARN] Страница 23: векторные элементы не переносятся в Markdown; отдельная копия страницы не создана во избежание дублирования содержимого.
[WARN] Страница 24: векторные элементы не переносятся в Markdown; отдельная копия страницы не создана во избежание дублирования содержимого.
[INFO] Изображение страницы 25: assets/images/image4.png
[WARN] Страница 25: векторные элементы не переносятся в Markdown; отдельная копия страницы не создана во избежание дублирования содержимого.
[WARN] Страница 26: векторные элементы не переносятся в Markdown; отдельная копия страницы не создана во избежание дублирования содержимого.
[WARN] Страница 27: векторные элементы не переносятся в Markdown; отдельная копия страницы не создана во избежание дублирования содержимого.
[WARN] Страница 28: векторные элементы не переносятся в Markdown; отдельная копия страницы не создана во избежание дублирования содержимого.
[WARN] Страница 29: векторные элементы не переносятся в Markdown; отдельная копия страницы не создана во избежание дублирования содержимого.
[WARN] Страница 30: векторные элементы не переносятся в Markdown; отдельная копия страницы не создана во избежание дублирования содержимого.
[INFO] Изображение страницы 31: assets/images/image5.jpeg
[INFO] Изображение страницы 31: assets/images/image6.jpeg
[WARN] Страница 31: векторные элементы не переносятся в Markdown; отдельная копия страницы не создана во избежание дублирования содержимого.
[INFO] Изображение страницы 32: assets/images/image7.jpeg
[INFO] Изображение страницы 32: assets/images/image8.png
[WARN] Страница 32: векторные элементы не переносятся в Markdown; отдельная копия страницы не создана во избежание дублирования содержимого.
[INFO] Изображение страницы 33: assets/images/image9.png
[WARN] Страница 33: векторные элементы не переносятся в Markdown; отдельная копия страницы не создана во избежание дублирования содержимого.
[WARN] Страница 34: векторные элементы не переносятся в Markdown; отдельная копия страницы не создана во избежание дублирования содержимого.
[WARN] Страница 35: векторные элементы не переносятся в Markdown; отдельная копия страницы не создана во избежание дублирования содержимого.
[WARN] Страница 36: векторные элементы не переносятся в Markdown; отдельная копия страницы не создана во избежание дублирования содержимого.
[WARN] Страница 37: векторные элементы не переносятся в Markdown; отдельная копия страницы не создана во избежание дублирования содержимого.
[INFO] Изображение страницы 38: assets/images/image10.png
[WARN] Страница 38: векторные элементы не переносятся в Markdown; отдельная копия страницы не создана во избежание дублирования содержимого.
[INFO] Изображение страницы 39: assets/images/image11.jpeg
[WARN] Страница 39: векторные элементы не переносятся в Markdown; отдельная копия страницы не создана во избежание дублирования содержимого.
[WARN] Страница 40: векторные элементы не переносятся в Markdown; отдельная копия страницы не создана во избежание дублирования содержимого.
[WARN] Страница 41: векторные элементы не переносятся в Markdown; отдельная копия страницы не создана во избежание дублирования содержимого.
[INFO] Изображение страницы 42: assets/images/image12.png
[WARN] Страница 42: векторные элементы не переносятся в Markdown; отдельная копия страницы не создана во избежание дублирования содержимого.
[WARN] Страница 43: векторные элементы не переносятся в Markdown; отдельная копия страницы не создана во избежание дублирования содержимого.
[WARN] Страница 44: векторные элементы не переносятся в Markdown; отдельная копия страницы не создана во избежание дублирования содержимого.
[WARN] Страница 45: векторные элементы не переносятся в Markdown; отдельная копия страницы не создана во избежание дублирования содержимого.
[WARN] Страница 46: векторные элементы не переносятся в Markdown; отдельная копия страницы не создана во избежание дублирования содержимого.
[WARN] Страница 47: векторные элементы не переносятся в Markdown; отдельная копия страницы не создана во избежание дублирования содержимого.
[INFO] Изображение страницы 48: assets/images/image13.png
[INFO] Изображение страницы 48: assets/images/image14.png
[INFO] Изображение страницы 48: assets/images/image15.png
[WARN] Страница 48: векторные элементы не переносятся в Markdown; отдельная копия страницы не создана во избежание дублирования содержимого.
[INFO] Изображение страницы 49: assets/images/image16.jpeg
[WARN] Страница 49: векторные элементы не переносятся в Markdown; отдельная копия страницы не создана во избежание дублирования содержимого.
[INFO] Изображение страницы 50: assets/images/image17.jpeg
[INFO] Изображение страницы 50: assets/images/image18.png
[INFO] Изображение страницы 50: assets/images/image19.jpeg
[INFO] Изображение страницы 50: assets/images/image20.png
[INFO] Изображение страницы 50: assets/images/image21.jpeg
[INFO] Изображение страницы 50: assets/images/image22.png
[INFO] Изображение страницы 50: assets/images/image23.png
[INFO] Изображение страницы 50: assets/images/image24.png
[INFO] Изображение страницы 50: assets/images/image25.jpeg
[INFO] Изображение страницы 50: assets/images/image26.jpeg
[INFO] Изображение страницы 50: assets/images/image27.png
[INFO] Изображение страницы 50: assets/images/image28.jpeg
[WARN] Страница 50: векторные элементы не переносятся в Markdown; отдельная копия страницы не создана во избежание дублирования содержимого.
[INFO] Изображение страницы 51: assets/images/image29.png
[INFO] Изображений: 29; предупреждений: 50
[INFO] Готово: index.md, assets/, conversion.log
